# Registro de Cambios (Changelog) - DiffPlayerQC

A continuación se listan todos los cambios, mejoras y correcciones que se han ido realizando desde la concepción de la aplicación.

## [1.1.0] - Actualización Mayor (Video Multiformato y Audio)
### Añadido
- Integración completa de reproducción de audio en tiempo real usando el motor `rodio`, mapeando las salidas de audio y sincronizando la decodificación con FFmpeg.
- Controles de audio interactivos en la interfaz: ajuste de volumen y botón de silenciar (mute) independiente para el Canal A y Canal B.
- Añadida librería `xcap` para la funcionalidad de captura de pantalla (con la tecla 'F') que extrae la imagen del programa a nivel del sistema operativo. Esto evita problemas críticos de renderizado que surgían al hacerlo directamente desde Wgpu.
- Añadido el panel de visualización en ventana secundaria ("Clean Feed") para mostrar de forma independiente el resultado sin elementos de la interfaz, orientada al uso conjunto con OBS.

### Corregido / Mejorado
- Solucionados múltiples errores en el script de construcción portable de Windows donde la carpeta `dist\Windows` se bloqueaba al ser regenerada.
- Arreglados problemas en la compilación de los bindings de FFmpeg (`ffmpeg-sys-next`), ajustando el identificador `AV_CHANNEL_ORDER_NATIVE` faltante y corrigiendo el uso de estructuras de datos como `AVChannelLayout_u`.
- Modificada la rutina de arrastre (`drag`) y el pipeline de decodificación (`decode_one_frame` / `seek_exact`) para procesar el hilo de audio (`audio_tx`) correctamente sin interrumpir o desfasar la cola de frames de video.
- Limitados explícitamente los backends de inicialización gráfica a `VULKAN`, `METAL` y `GL` para eludir interbloqueos graves (deadlocks) del driver DX12 introducidos por el sistema de screenshots en algunas máquinas bajo Windows.

## [1.0.2] - Mejoras de Estabilidad en Gráficos y Empaquetado
### Añadido
- Creado sistema automatizado de empaquetado para generar archivos instaladores `.pkg` nativos bajo el ecosistema de macOS.

### Corregido
- Solucionado el fallo generalizado de arranque *"eframe must be running with Wgpu backend"*. Para ello se inyectó la configuración en toda la aplicación de manera que siempre se use el backend propietario de Wgpu descartando alternativas experimentales (como Glow/OpenGL).

## [1.0.1] - Distribución Autónoma y Scripts
### Añadido
- Creación del sistema de `build` portable para Windows, configurando la aplicación para integrar todas las bibliotecas de enlaces dinámicos (.dlls) necesarias en la ruta base junto al ejecutable (logrando que no se requiera configuración externa y haciendo innecesario MSYS2 en la máquina del usuario final).

## [1.0.0] - Lanzamiento Inicial y Refactorización
### Añadido
- Desarrollo arquitectónico inicial de la versión reescrita en Rust (anteriormente concebida y prototipada con C# y GTK framework).
- Implementado soporte base multiplataforma de entorno gráfico a través de `egui` y `eframe`.
- Visualizador con modos de "Split Screen", "Abs Diff", "Heatmap" y "Side-by-Side".
- Soporte de renderizado hardware para comparar dos videos cuadro por cuadro con decodificador de bajo nivel (FFmpeg/FFmpeg-sys-next).
- Interfaz gráfica fluida adaptada a cambios dinámicos (modo claro/oscuro del OS).
- Línea de tiempo incrustada, soporte de zoom con el ratón, paneo infinito por imagen y teclas de atajos directos (1, 2, l, y, f, s, etc).
